{ "layers":[  ], "root":{ "val":49186 } }
{ "layers":[ "anchor:location" ], "root":{ "children":[ { "path":[2,1,2,0,0,0,0,1,3,2,3], "val":7360 }, { "path":[2,1,2,0,0,0,0,1,3,1,2], "val":215 }, { "path":[2,1,2,0,0,0,0,1,2,3,3], "val":250 }, { "path":[2,1,2,0,0,0,0,1,3,2,2], "val":5350 }, { "path":[2,1,2,0,0,0,0,1,3,0,3], "val":12191 }, { "path":[2,1,2,0,0,0,0,1,3,2,1], "val":16614 }, { "path":[2,1,2,0,0,0,0,1,3,2,0], "val":6795 }, { "path":[2,1,2,0,0,0,0,1,3,0,2], "val":411 } ] } }
{ "layers":[  ], "root":{ "val":11044 } }
{ "layers":[ "multi-target:time" ], "root":{ "children":[ { "path":[0], "val":625 }, { "path":[1], "val":723 }, { "path":[2], "val":663 }, { "path":[3], "val":518 }, { "path":[4], "val":411 }, { "path":[5], "val":588 }, { "path":[6], "val":717 }, { "path":[7], "val":715 }, { "path":[8], "val":703 }, { "path":[9], "val":618 } ] } }
{ "layers":[ "anchor:location", "multi-target:time" ], "root":{ "children":[ { "path":[2,1,2,0,0,0,0,1,3,2,3], "children":[ { "path":[0], "val":80 }, { "path":[1], "val":119 }, { "path":[2], "val":101 }, { "path":[3], "val":95 }, { "path":[4], "val":59 }, { "path":[5], "val":70 }, { "path":[6], "val":89 }, { "path":[7], "val":107 }, { "path":[8], "val":102 }, { "path":[9], "val":84 } ] }, { "path":[2,1,2,0,0,0,0,1,3,1,2], "children":[ { "path":[0], "val":1 }, { "path":[1], "val":1 }, { "path":[2], "val":2 }, { "path":[3], "val":1 }, { "path":[4], "val":5 }, { "path":[5], "val":2 }, { "path":[6], "val":3 }, { "path":[7], "val":5 }, { "path":[8], "val":3 }, { "path":[9], "val":1 } ] }, { "path":[2,1,2,0,0,0,0,1,2,3,3], "children":[ { "path":[0], "val":2 }, { "path":[1], "val":6 }, { "path":[2], "val":6 }, { "path":[3], "val":5 }, { "path":[4], "val":3 }, { "path":[5], "val":5 }, { "path":[6], "val":4 }, { "path":[7], "val":5 }, { "path":[8], "val":6 }, { "path":[9], "val":1 } ] }, { "path":[2,1,2,0,0,0,0,1,3,2,2], "children":[ { "path":[0], "val":82 }, { "path":[1], "val":77 }, { "path":[2], "val":65 }, { "path":[3], "val":53 }, { "path":[4], "val":62 }, { "path":[5], "val":72 }, { "path":[6], "val":88 }, { "path":[7], "val":79 }, { "path":[8], "val":76 }, { "path":[9], "val":58 } ] }, { "path":[2,1,2,0,0,0,0,1,3,0,3], "children":[ { "path":[0], "val":143 }, { "path":[1], "val":194 }, { "path":[2], "val":147 }, { "path":[3], "val":135 }, { "path":[4], "val":90 }, { "path":[5], "val":151 }, { "path":[6], "val":183 }, { "path":[7], "val":162 }, { "path":[8], "val":163 }, { "path":[9], "val":161 } ] }, { "path":[2,1,2,0,0,0,0,1,3,2,1], "children":[ { "path":[0], "val":227 }, { "path":[1], "val":227 }, { "path":[2], "val":250 }, { "path":[3], "val":162 }, { "path":[4], "val":119 }, { "path":[5], "val":175 }, { "path":[6], "val":233 }, { "path":[7], "val":235 }, { "path":[8], "val":259 }, { "path":[9], "val":216 } ] }, { "path":[2,1,2,0,0,0,0,1,3,2,0], "children":[ { "path":[0], "val":85 }, { "path":[1], "val":93 }, { "path":[2], "val":87 }, { "path":[3], "val":61 }, { "path":[4], "val":72 }, { "path":[5], "val":106 }, { "path":[6], "val":107 }, { "path":[7], "val":117 }, { "path":[8], "val":86 }, { "path":[9], "val":93 } ] }, { "path":[2,1,2,0,0,0,0,1,3,0,2], "children":[ { "path":[0], "val":5 }, { "path":[1], "val":6 }, { "path":[2], "val":5 }, { "path":[3], "val":6 }, { "path":[4], "val":1 }, { "path":[5], "val":7 }, { "path":[6], "val":10 }, { "path":[7], "val":5 }, { "path":[8], "val":8 }, { "path":[9], "val":4 } ] } ] } }
{ "layers":[ "anchor:location" ], "root":{ "children":[ { "path":[2,1,2,0,0,0,0,1,3,2], "val":36119 }, { "path":[2,1,2,0,0,0,0,1,3,1], "val":215 }, { "path":[2,1,2,0,0,0,0,1,3,0], "val":12602 }, { "path":[2,1,2,0,0,0,0,1,2,3], "val":250 } ] } }
{ "layers":[ "anchor:location" ], "root":{ "children":[ { "x":6, "y":131, "val":36119 }, { "x":7, "y":130, "val":215 }, { "x":6, "y":130, "val":12602 }, { "x":5, "y":131, "val":250 } ] } }
{ "layers":[ "anchor:crime" ], "root":{ "children":[ { "path":[9], "val":3 }, { "path":[8], "val":2281 }, { "path":[7], "val":181 }, { "path":[6], "val":1486 }, { "path":[5], "val":4621 }, { "path":[4], "val":1 }, { "path":[3], "val":2675 }, { "path":[2], "val":8946 }, { "path":[1], "val":2718 }, { "path":[0], "val":66 }, { "path":[10], "val":63 }, { "path":[11], "val":225 }, { "path":[21], "val":3295 }, { "path":[20], "val":2 }, { "path":[19], "val":453 }, { "path":[18], "val":4 }, { "path":[17], "val":1 }, { "path":[16], "val":5940 }, { "path":[15], "val":2080 }, { "path":[14], "val":69 }, { "path":[13], "val":52 }, { "path":[12], "val":21 }, { "path":[22], "val":1 }, { "path":[23], "val":216 }, { "path":[24], "val":2 }, { "path":[25], "val":446 }, { "path":[26], "val":1896 }, { "path":[27], "val":125 }, { "path":[28], "val":22 }, { "path":[29], "val":10837 }, { "path":[30], "val":458 } ] } }
{ "layers":[  ], "root":{ "val":5393 } }
{ "layers":[  ], "root":{ "val":5393 } }
{ "layers":[ "anchor:location" ], "root":{ "children":[ { "x":1, "y":1, "val":66 }, { "x":0, "y":1, "val":65 }, { "x":1, "y":0, "val":188 }, { "x":0, "y":0, "val":73 } ] } }
{ "layers":[ "anchor:location", "multi-target:time" ], "root":{ "children":[ { "x":1, "y":1, "children":[ { "path":[0], "val":4 }, { "path":[1], "val":2 }, { "path":[2], "val":1 }, { "path":[4], "val":1 } ] }, { "x":0, "y":1, "children":[ { "path":[0], "val":1 }, { "path":[1], "val":3 }, { "path":[2], "val":1 }, { "path":[3], "val":3 }, { "path":[4], "val":1 } ] }, { "x":1, "y":0, "children":[ { "path":[0], "val":1 }, { "path":[1], "val":3 }, { "path":[2], "val":6 }, { "path":[3], "val":4 }, { "path":[4], "val":11 } ] }, { "x":0, "y":0, "children":[ { "path":[0], "val":2 }, { "path":[1], "val":1 }, { "path":[3], "val":3 }, { "path":[4], "val":2 } ] } ] } }
{ "layers":[  ], "root":{ "val":3259 } }
